.\venv\Scripts\python.exe : Traceback 
(most recent call last):
At line:1 char:1
+ .\venv\Scripts\python.exe 
tests/test_reasoning_loop.py > 
test_error.l ...
+ ~~~~~~~~~~~~~~~~~~~~~~~~~~~~~~~~~~~~~~~~
~~~~~~~~~~~~~~~~~~~~~~~~~~~~~
    + CategoryInfo          : NotSpecifie 
   d: (Traceback (most recent call last)  
  ::String) [], RemoteException
    + FullyQualifiedErrorId : NativeComma 
   ndError
 
  File "D:\ENGR\PM-Project\CaseStudy_Agent
\backend\tests\test_reasoning_loop.py", 
line 10, in <module>
    from services.llm_service import 
LLMService
  File "D:\ENGR\PM-Project\CaseStudy_Agent
\backend\services\llm_service.py", line 
4, in <module>
    from langchain_openai import 
ChatOpenAI
  File "D:\ENGR\PM-Project\CaseStudy_Agent
\backend\venv\Lib\site-packages\langchain_
openai\__init__.py", line 3, in <module>
    from langchain_openai.chat_models 
import AzureChatOpenAI, ChatOpenAI
  File "D:\ENGR\PM-Project\CaseStudy_Agent
\backend\venv\Lib\site-packages\langchain_
openai\chat_models\__init__.py", line 3, 
in <module>
    from 
langchain_openai.chat_models.azure import 
AzureChatOpenAI
  File "D:\ENGR\PM-Project\CaseStudy_Agent
\backend\venv\Lib\site-packages\langchain_
openai\chat_models\azure.py", line 10, in 
<module>
    import openai
  File "D:\ENGR\PM-Project\CaseStudy_Agent
\backend\venv\Lib\site-packages\openai\__i
nit__.py", line 9, in <module>
    from . import types
  File "D:\ENGR\PM-Project\CaseStudy_Agent
\backend\venv\Lib\site-packages\openai\typ
es\__init__.py", line 5, in <module>
    from .batch import Batch as Batch
  File "D:\ENGR\PM-Project\CaseStudy_Agent
\backend\venv\Lib\site-packages\openai\typ
es\batch.py", line 6, in <module>
    from .._models import BaseModel
  File "D:\ENGR\PM-Project\CaseStudy_Agent
\backend\venv\Lib\site-packages\openai\_mo
dels.py", line 41, in <module>
    from ._types import (
    ...<9 lines>...
    )
  File "D:\ENGR\PM-Project\CaseStudy_Agent
\backend\venv\Lib\site-packages\openai\_ty
pes.py", line 34, in <module>
    import httpx
  File "D:\ENGR\PM-Project\CaseStudy_Agent
\backend\venv\Lib\site-packages\httpx\__in
it__.py", line 2, in <module>
    from ._api import delete, get, head, 
options, patch, post, put, request, stream
  File "D:\ENGR\PM-Project\CaseStudy_Agent
\backend\venv\Lib\site-packages\httpx\_api
.py", line 4, in <module>
    from ._client import Client
  File "D:\ENGR\PM-Project\CaseStudy_Agent
\backend\venv\Lib\site-packages\httpx\_cli
ent.py", line 30, in <module>
    from ._transports.default import 
AsyncHTTPTransport, HTTPTransport
  File "D:\ENGR\PM-Project\CaseStudy_Agent
\backend\venv\Lib\site-packages\httpx\_tra
nsports\default.py", line 30, in <module>
    import httpcore
  File "D:\ENGR\PM-Project\CaseStudy_Agent
\backend\venv\Lib\site-packages\httpcore\_
_init__.py", line 139, in <module>
    setattr(__locals[__name], 
"__module__", "httpcore")  # noqa
    ~~~~~~~^^^^^^^^^^^^^^^^^^^^^^^^^^^^^^^
^^^^^^^^^^^^^
AttributeError: 'typing.Union' object has 
no attribute '__module__' and no __dict__ 
for setting new attributes. Did you mean: 
'__reduce__'?
